     1                                  extern printf
     2                                  extern rand
     3                                  
     4                                  extern TREE
     5                                  extern BUSH
     6                                  extern FLOWER
     7                                  
     8                                  ;----------------------------------------------
     9                                  ; // Генерация рандомного числа в заданных пределах
    10                                  %macro Random   1          
    11                                      xor     rax, rax    
    12                                      call    rand              ; Запуск генератора случайных чисел
    13                                      xor     rdx, rdx
    14                                      mov     rcx, %1
    15                                      idiv    qword [rcx]       ; Остаток от деления
    16                                      mov     rax, rdx
    17                                      add     rax, 1 
    18                                  %endmacro
    19                                  
    20                                  
    21                                  ;----------------------------------------------
    22                                  ; // Генерация рандомного числа, определяющего длину имени
    23                                  %macro RandomName   1          
    24                                      xor     rax, rax    
    25                                      call    rand              ; Запуск генератора случайных чисел
    26                                      xor     rdx, rdx
    27                                      mov     rcx, %1
    28                                      idiv    qword [rcx]       ; Остаток от деления
    29                                      mov     rax, rdx
    30                                  %endmacro
    31                                  
    32                                  ; Генерация рандомного имени
    33                                  global GenerateName
    34                                  GenerateName:
    35                                  section .data
    36 00000000 0000000000000000            .count      dq    0
    37 00000008 0000000000000000            .size       dq    0
    38 00000010 1A00000000000000            .name       dq    26
    39                                  section .text
    40 00000000 48893C25[00000000]          mov     [.count], rdi
    41 00000008 48893425[08000000]          mov     [.size], rsi
    42                                  .loop:
    43 00000010 488B0425[08000000]          mov     rax, qword[.size]
    44 00000018 483B0425[00000000]          cmp     rax, qword[.count]
    45 00000020 0F840D030000                je      .return
    46                                      ; Генерация рандомной латинской буквы
    47                                      RandomName  .name
    47 00000026 4831C0              <1>  xor rax, rax
    47 00000029 E8(00000000)        <1>  call rand
    47 0000002E 4831D2              <1>  xor rdx, rdx
    47 00000031 48B9-               <1>  mov rcx, %1
    47 00000033 [1000000000000000]  <1>
    47 0000003B 48F739              <1>  idiv qword [rcx]
    47 0000003E 4889D0              <1>  mov rax, rdx
    48 00000041 83F800                      cmp     eax, 0
    49 00000044 0F84E1000000                je      .letter0
    50 0000004A 83F801                      cmp     eax, 1
    51 0000004D 0F84EC000000                je       .letter1
    52 00000053 83F802                      cmp     eax, 2
    53 00000056 0F84F7000000                je      .letter2
    54 0000005C 83F803                      cmp     eax, 3
    55 0000005F 0F8402010000                je      .letter3
    56 00000065 83F804                      cmp     eax, 4
    57 00000068 0F840D010000                je      .letter4
    58 0000006E 83F805                      cmp     eax, 5
    59 00000071 0F8418010000                je      .letter5
    60 00000077 83F806                      cmp     eax, 6
    61 0000007A 0F8423010000                je      .letter6
    62 00000080 83F807                      cmp     eax, 7
    63 00000083 0F842E010000                je      .letter7
    64 00000089 83F808                      cmp     eax, 8
    65 0000008C 0F8439010000                je      .letter8
    66 00000092 83F809                      cmp     eax, 9
    67 00000095 0F8444010000                je      .letter9
    68 0000009B 83F80A                      cmp     eax, 10
    69 0000009E 0F844F010000                je      .letter10
    70 000000A4 83F80B                      cmp     eax, 11
    71 000000A7 0F845A010000                je      .letter11
    72 000000AD 83F80C                      cmp     eax, 12
    73 000000B0 0F8465010000                je      .letter12
    74 000000B6 83F80D                      cmp     eax, 13
    75 000000B9 0F8470010000                je      .letter13
    76 000000BF 83F80E                      cmp     eax, 14
    77 000000C2 0F847B010000                je      .letter14
    78 000000C8 83F80F                      cmp     eax, 15
    79 000000CB 0F8486010000                je      .letter15
    80 000000D1 83F810                      cmp     eax, 16
    81 000000D4 0F8491010000                je      .letter16
    82 000000DA 83F811                      cmp     eax, 17
    83 000000DD 0F849C010000                je      .letter17
    84 000000E3 83F812                      cmp     eax, 18
    85 000000E6 0F84A7010000                je      .letter18
    86 000000EC 83F813                      cmp     eax, 19
    87 000000EF 0F84B2010000                je      .letter19
    88 000000F5 83F814                      cmp     eax, 20
    89 000000F8 0F84BD010000                je      .letter20
    90 000000FE 83F815                      cmp     eax, 21
    91 00000101 0F84C8010000                je       .letter21
    92 00000107 83F816                      cmp     eax, 22
    93 0000010A 0F84D3010000                je      .letter22
    94 00000110 83F817                      cmp     eax, 23
    95 00000113 0F84DE010000                je      .letter23
    96 00000119 83F818                      cmp     eax, 24
    97 0000011C 0F84E9010000                je      .letter24
    98 00000122 83F819                      cmp     eax, 25
    99 00000125 0F84F4010000                je      .letter25
   100                                  .letter0:
   101 0000012B C60361                      mov     byte[rbx], 97
   102 0000012E 48FF0425[00000000]          inc     qword[.count]
   103 00000136 4883C301                    add     rbx, 1
   104 0000013A E9D1FEFFFF                  jmp     .loop
   105                                  .letter1:
   106 0000013F C60362                      mov     byte[rbx], 98
   107 00000142 48FF0425[00000000]          inc     qword[.count]
   108 0000014A 4883C301                    add     rbx, 1
   109 0000014E E9BDFEFFFF                  jmp     .loop
   110                                  .letter2:
   111 00000153 C60363                      mov     byte[rbx], 99
   112 00000156 48FF0425[00000000]          inc     qword[.count]
   113 0000015E 4883C301                    add     rbx, 1
   114 00000162 E9A9FEFFFF                  jmp     .loop
   115                                  .letter3:
   116 00000167 C60364                      mov     byte[rbx], 100
   117 0000016A 48FF0425[00000000]          inc     qword[.count]
   118 00000172 4883C301                    add     rbx, 1
   119 00000176 E995FEFFFF                  jmp     .loop
   120                                  .letter4:
   121 0000017B C60365                      mov     byte[rbx], 101
   122 0000017E 48FF0425[00000000]          inc     qword[.count]
   123 00000186 4883C301                    add     rbx, 1
   124 0000018A E981FEFFFF                  jmp     .loop
   125                                  .letter5:
   126 0000018F C60366                      mov     byte[rbx], 102
   127 00000192 48FF0425[00000000]          inc     qword[.count]
   128 0000019A 4883C301                    add     rbx, 1
   129 0000019E E96DFEFFFF                  jmp     .loop
   130                                  .letter6:
   131 000001A3 C60367                      mov     byte[rbx], 103
   132 000001A6 48FF0425[00000000]          inc     qword[.count]
   133 000001AE 4883C301                    add     rbx, 1
   134 000001B2 E959FEFFFF                  jmp     .loop
   135                                  .letter7:
   136 000001B7 C60368                      mov     byte[rbx], 104
   137 000001BA 48FF0425[00000000]          inc     qword[.count]
   138 000001C2 4883C301                    add     rbx, 1
   139 000001C6 E945FEFFFF                  jmp     .loop
   140                                  .letter8:
   141 000001CB C60369                      mov     byte[rbx], 105
   142 000001CE 48FF0425[00000000]          inc     qword[.count]
   143 000001D6 4883C301                    add     rbx, 1
   144 000001DA E931FEFFFF                  jmp     .loop
   145                                  .letter9:
   146 000001DF C6036A                      mov     byte[rbx], 106
   147 000001E2 48FF0425[00000000]          inc     qword[.count]
   148 000001EA 4883C301                    add     rbx, 1
   149 000001EE E91DFEFFFF                  jmp     .loop
   150                                  .letter10:
   151 000001F3 C6036B                      mov     byte[rbx], 107
   152 000001F6 48FF0425[00000000]          inc    qword[.count]
   153 000001FE 4883C301                    add     rbx, 1
   154 00000202 E909FEFFFF                  jmp     .loop
   155                                  .letter11:
   156 00000207 C6036C                      mov     byte[rbx], 108
   157 0000020A 48FF0425[00000000]          inc     qword[.count]
   158 00000212 4883C301                    add     rbx, 1
   159 00000216 E9F5FDFFFF                  jmp     .loop
   160                                  .letter12:
   161 0000021B C6036D                      mov     byte[rbx], 109
   162 0000021E 48FF0425[00000000]          inc     qword[.count]
   163 00000226 4883C301                    add     rbx, 1
   164 0000022A E9E1FDFFFF                  jmp     .loop
   165                                  .letter13:
   166 0000022F C6036E                      mov     byte[rbx], 110
   167 00000232 48FF0425[00000000]          inc     qword[.count]
   168 0000023A 4883C301                    add     rbx, 1
   169 0000023E E9CDFDFFFF                  jmp     .loop
   170                                  .letter14:
   171 00000243 C6036F                      mov     byte[rbx], 111
   172 00000246 48FF0425[00000000]          inc     qword[.count]
   173 0000024E 4883C301                    add     rbx, 1
   174 00000252 E9B9FDFFFF                  jmp     .loop
   175                                  .letter15:
   176 00000257 C60370                      mov     byte[rbx], 112
   177 0000025A 48FF0425[00000000]          inc    qword[.count]
   178 00000262 4883C301                    add rbx, 1
   179 00000266 E9A5FDFFFF                  jmp .loop
   180                                  .letter16:
   181 0000026B C60371                      mov     byte[rbx], 113
   182 0000026E 48FF0425[00000000]          inc     qword[.count]
   183 00000276 4883C301                    add     rbx, 1
   184 0000027A E991FDFFFF                  jmp     .loop
   185                                  .letter17:
   186 0000027F C60372                      mov     byte[rbx], 114
   187 00000282 48FF0425[00000000]          inc     qword[.count]
   188 0000028A 4883C301                    add     rbx, 1
   189 0000028E E97DFDFFFF                  jmp     .loop
   190                                  .letter18:
   191 00000293 C60373                      mov     byte[rbx], 115
   192 00000296 48FF0425[00000000]          inc     qword[.count]
   193 0000029E 4883C301                    add     rbx, 1
   194 000002A2 E969FDFFFF                  jmp     .loop
   195                                  .letter19:
   196 000002A7 C60374                      mov     byte[rbx], 116
   197 000002AA 48FF0425[00000000]          inc     qword[.count]
   198 000002B2 4883C301                    add     rbx, 1
   199 000002B6 E955FDFFFF                  jmp     .loop
   200                                  .letter20:
   201 000002BB C60375                      mov     byte[rbx], 117
   202 000002BE 48FF0425[00000000]          inc     qword[.count]
   203 000002C6 4883C301                    add     rbx, 1
   204 000002CA E941FDFFFF                  jmp     .loop
   205                                  .letter21:
   206 000002CF C60376                      mov     byte[rbx], 118
   207 000002D2 48FF0425[00000000]          inc     qword[.count]
   208 000002DA 4883C301                    add     rbx, 1
   209 000002DE E92DFDFFFF                  jmp     .loop
   210                                  .letter22:
   211 000002E3 C60377                      mov     byte[rbx], 119
   212 000002E6 48FF0425[00000000]          inc     qword[.count]
   213 000002EE 4883C301                    add     rbx, 1
   214 000002F2 E919FDFFFF                  jmp     .loop
   215                                  .letter23:
   216 000002F7 C60378                      mov     byte[rbx], 120
   217 000002FA 48FF0425[00000000]          inc     qword[.count]
   218 00000302 4883C301                    add     rbx, 1
   219 00000306 E905FDFFFF                  jmp     .loop
   220                                  .letter24:
   221 0000030B C60379                      mov     byte[rbx], 121
   222 0000030E 48FF0425[00000000]          inc     qword[.count]
   223 00000316 4883C301                    add     rbx, 1
   224 0000031A E9F1FCFFFF                  jmp     .loop
   225                                  .letter25:
   226 0000031F C6037A                      mov     byte[rbx], 122
   227 00000322 48FF0425[00000000]          inc     qword[.count]
   228 0000032A 4883C301                    add     rbx, 1
   229 0000032E E9DDFCFFFF                  jmp     .loop
   230                                  .return:
   231 00000333 C60300                      mov     byte[rbx], 0x00
   232 00000336 C9                      leave
   233 00000337 C3                      ret
   234                                  
   235                                  ;----------------------------------------------
   236                                  ; // Случайный ввод параметров дерева
   237                                  global InRndTree
   238                                  InRndTree:
   239                                  section .data
   240 00000018 1027000000000000            .age        dq    10000
   241 00000020 0000000000000000            .count      dq    0
   242 00000028 1400000000000000            .namesize   dq    20
   243 00000030 1A00000000000000            .name       dq    26
   244 00000038 0000000000000000            .size       dq    0
   245                                  section .bss
   246 00000000 <res 00000008>              .ptree      resq  1   ; Адрес дерева
   247                                  section .text
   248 00000338 55                      push    rbp
   249 00000339 4889E5                  mov     rbp, rsp
   250                                  
   251 0000033C 48893C25[00000000]          mov     [.ptree], rdi
   252                                      ; Генерация параметров дерева
   253 00000344 488B1C25[00000000]          mov     rbx, [.ptree]
   254                                      Random  .age
   254 0000034C 4831C0              <1>  xor rax, rax
   254 0000034F E8(00000000)        <1>  call rand
   254 00000354 4831D2              <1>  xor rdx, rdx
   254 00000357 48B9-               <1>  mov rcx, %1
   254 00000359 [1800000000000000]  <1>
   254 00000361 48F739              <1>  idiv qword [rcx]
   254 00000364 4889D0              <1>  mov rax, rdx
   254 00000367 4883C001            <1>  add rax, 1
   255 0000036B 894315                      mov     [rbx+21], eax
   256                                      ; Генерация размера имени
   257                                      Random  .namesize
   257 0000036E 4831C0              <1>  xor rax, rax
   257 00000371 E8(00000000)        <1>  call rand
   257 00000376 4831D2              <1>  xor rdx, rdx
   257 00000379 48B9-               <1>  mov rcx, %1
   257 0000037B [2800000000000000]  <1>
   257 00000383 48F739              <1>  idiv qword [rcx]
   257 00000386 4889D0              <1>  mov rax, rdx
   257 00000389 4883C001            <1>  add rax, 1
   258 0000038D 890425[38000000]            mov     [.size], eax
   259 00000394 48C70425[20000000]-         mov     qword[.count], 0
   259 0000039C 00000000           
   260                                      ; Генерация имени
   261 000003A0 488B3C25[20000000]          mov     rdi, [.count]
   262 000003A8 488B3425[38000000]          mov     rsi, [.size]
   263 000003B0 E84BFCFFFF                  call    GenerateName
   264 000003B5 C9                      leave
   265 000003B6 C3                      ret
   266                                  
   267                                  global InRndBush
   268                                  InRndBush:
   269                                  section .data
   270 00000040 0000000000000000            .count      dq    0
   271 00000048 0C00000000000000            .month      dq    12
   272 00000050 1400000000000000            .namesize   dq    20
   273 00000058 1A00000000000000            .name       dq    26
   274 00000060 0000000000000000            .size       dq    0
   275                                  section .bss
   276 00000008 <res 00000008>              .pbush      resq  1   ; Адрес куста
   277                                  
   278                                  section .text
   279 000003B7 55                      push    rbp
   280 000003B8 4889E5                  mov     rbp, rsp
   281                                  
   282 000003BB 48893C25[08000000]          mov     [.pbush], rdi
   283                                      ; Генерация параметров куста
   284 000003C3 488B1C25[08000000]          mov     rbx, [.pbush]
   285                                      Random  .month
   285 000003CB 4831C0              <1>  xor rax, rax
   285 000003CE E8(00000000)        <1>  call rand
   285 000003D3 4831D2              <1>  xor rdx, rdx
   285 000003D6 48B9-               <1>  mov rcx, %1
   285 000003D8 [4800000000000000]  <1>
   285 000003E0 48F739              <1>  idiv qword [rcx]
   285 000003E3 4889D0              <1>  mov rax, rdx
   285 000003E6 4883C001            <1>  add rax, 1
   286 000003EA 894315                      mov     [rbx+21], eax
   287                                      ; Генерация размера имени
   288                                      Random   .namesize
   288 000003ED 4831C0              <1>  xor rax, rax
   288 000003F0 E8(00000000)        <1>  call rand
   288 000003F5 4831D2              <1>  xor rdx, rdx
   288 000003F8 48B9-               <1>  mov rcx, %1
   288 000003FA [5000000000000000]  <1>
   288 00000402 48F739              <1>  idiv qword [rcx]
   288 00000405 4889D0              <1>  mov rax, rdx
   288 00000408 4883C001            <1>  add rax, 1
   289 0000040C 890425[60000000]            mov     [.size], eax
   290 00000413 48C70425[40000000]-         mov     qword[.count], 0
   290 0000041B 00000000           
   291                                      ; Генерация имени
   292 0000041F 488B3C25[40000000]          mov     rdi, [.count]
   293 00000427 488B3425[60000000]          mov     rsi, [.size]
   294 0000042F E8CCFBFFFF                  call    GenerateName
   295 00000434 C9                      leave
   296 00000435 C3                      ret
   297                                  
   298                                  global InRndFlower
   299                                  InRndFlower:
   300                                  section .data
   301 00000068 0300000000000000            .type       dq    3
   302 00000070 1A00                        .name       dw    26
   303 00000072 0000000000000000            .count      dq    0
   304 0000007A 1400000000000000            .namesize   dq    20
   305 00000082 0000000000000000            .size       dq    0
   306                                  section .bss
   307 00000010 <res 00000008>              .pflower    resq  1   ; Адрес цветка
   308                                  section .text
   309 00000436 55                      push    rbp
   310 00000437 4889E5                  mov     rbp, rsp
   311                                  
   312 0000043A 48893C25[10000000]          mov     [.pflower], rdi
   313                                      ; Генерация параметров цветка
   314 00000442 488B1C25[10000000]          mov     rbx, [.pflower]
   315                                      Random  .type
   315 0000044A 4831C0              <1>  xor rax, rax
   315 0000044D E8(00000000)        <1>  call rand
   315 00000452 4831D2              <1>  xor rdx, rdx
   315 00000455 48B9-               <1>  mov rcx, %1
   315 00000457 [6800000000000000]  <1>
   315 0000045F 48F739              <1>  idiv qword [rcx]
   315 00000462 4889D0              <1>  mov rax, rdx
   315 00000465 4883C001            <1>  add rax, 1
   316 00000469 894315                      mov     [rbx+21], eax   
   317                                      ; Генерация размера имени
   318                                      Random  .namesize
   318 0000046C 4831C0              <1>  xor rax, rax
   318 0000046F E8(00000000)        <1>  call rand
   318 00000474 4831D2              <1>  xor rdx, rdx
   318 00000477 48B9-               <1>  mov rcx, %1
   318 00000479 [7A00000000000000]  <1>
   318 00000481 48F739              <1>  idiv qword [rcx]
   318 00000484 4889D0              <1>  mov rax, rdx
   318 00000487 4883C001            <1>  add rax, 1
   319 0000048B 890425[82000000]            mov     [.size], eax
   320 00000492 48C70425[72000000]-         mov     qword[.count], 0
   320 0000049A 00000000           
   321                                      ; Генерация имени
   322 0000049E 488B3C25[72000000]          mov     rdi, [.count]
   323 000004A6 488B3425[82000000]          mov     rsi, [.size]
   324 000004AE E84DFBFFFF                  call    GenerateName
   325 000004B3 C9                      leave
   326 000004B4 C3                      ret
   327                                  
   328                                  ;----------------------------------------------
   329                                  ;// Случайный ввод обобщенного растения
   330                                  global InRndPlant
   331                                  InRndPlant:
   332                                  section .data
   333 0000008A 03                          .type  db  3
   334                                  section .bss
   335 00000018 <res 00000008>              .pplant  resq  1   ; Адрес растения
   336                                  section .text
   337 000004B5 55                      push    rbp
   338 000004B6 4889E5                  mov     rbp, rsp
   339                                  
   340 000004B9 48893C25[18000000]          mov [.pplant], rdi
   341                                      ; Формирование признака растения
   342 000004C1 48893C25[18000000]          mov     [.pplant], rdi
   343                                      Random   .type
   343 000004C9 4831C0              <1>  xor rax, rax
   343 000004CC E8(00000000)        <1>  call rand
   343 000004D1 4831D2              <1>  xor rdx, rdx
   343 000004D4 48B9-               <1>  mov rcx, %1
   343 000004D6 [8A00000000000000]  <1>
   343 000004DE 48F739              <1>  idiv qword [rcx]
   343 000004E1 4889D0              <1>  mov rax, rdx
   343 000004E4 4883C001            <1>  add rax, 1
   344                                  
   345 000004E8 488B3C25[18000000]          mov     rdi, [.pplant]
   346 000004F0 8907                        mov     [rdi], eax
   347 000004F2 3B0425[00000000]            cmp     eax, [TREE]
   348 000004F9 7416                        je      .treeInrnd
   349 000004FB 3B0425[00000000]            cmp     eax, [BUSH]
   350 00000502 741D                        je      .bushInRnd
   351 00000504 3B0425[00000000]            cmp     eax, [FLOWER]
   352 0000050B 7424                        je      .flowerInRnd
   353 0000050D 31C0                        xor     eax, eax
   354 0000050F EB2E                        jmp     .return
   355                                  .treeInrnd:
   356                                      ; Генерация дерева
   357 00000511 4883C704                    add     rdi, 4
   358 00000515 E81EFEFFFF                  call    InRndTree
   359 0000051A B801000000                  mov     eax, 1 
   360 0000051F EB1E                        jmp     .return
   361                                  .bushInRnd:
   362                                      ; Генерация куста
   363 00000521 4883C704                    add     rdi, 4
   364 00000525 E88DFEFFFF                  call    InRndBush
   365 0000052A B801000000                  mov     eax, 1 
   366 0000052F EB0E                        jmp     .return
   367                                  .flowerInRnd:
   368                                      ; Генерация цветка
   369 00000531 4883C704                    add     rdi, 4
   370 00000535 E8FCFEFFFF                  call    InRndFlower
   371 0000053A B801000000                  mov     eax, 1 
   372                                  .return:
   373 0000053F C9                      leave
   374 00000540 C3                      ret
   375                                  
   376                                  ;----------------------------------------------
   377                                  ;// Случайный ввод содержимого контейнера
   378                                  global InRndContainer
   379                                  InRndContainer:
   380                                  section .bss
   381 00000020 <res 00000008>              .pcont  resq    1   ; Адрес контейнера
   382 00000028 <res 00000008>              .plen   resq    1   ; Адрес для сохранения числа введенных элементов
   383 00000030 <res 00000004>              .psize  resd    1   ; Число порождаемых элементов
   384                                  section .text
   385 00000541 55                      push    rbp
   386 00000542 4889E5                  mov     rbp, rsp
   387                                  
   388 00000545 48893C25[20000000]          mov     [.pcont], rdi
   389 0000054D 48893425[28000000]          mov     [.plen], rsi
   390 00000555 891425[30000000]            mov     [.psize], edx
   391 0000055C 31DB                        xor     ebx, ebx       ; Число растений = 0
   392                                  .loop:
   393 0000055E 39D3                        cmp     ebx, edx
   394 00000560 7D1A                        jge     .return
   395                                      ; Сохранение рабочих регистров
   396 00000562 57                          push    rdi
   397 00000563 53                          push    rbx
   398 00000564 52                          push    rdx
   399                                  
   400 00000565 E84BFFFFFF                  call    InRndPlant     ; Ввод растения
   401 0000056A 4883F800                    cmp     rax, 0         ; Проверка успешности ввода
   402 0000056E 7E0C                        jle     .return        ; Выход, если признак меньше или равен 0
   403                                  
   404 00000570 5A                          pop     rdx
   405 00000571 5B                          pop     rbx
   406 00000572 48FFC3                      inc     rbx
   407                                  
   408 00000575 5F                          pop     rdi
   409 00000576 4883C71D                    add     rdi, 29         ; Адрес следующего растения
   410                                  
   411 0000057A EBE2                        jmp     .loop
   412                                  .return:
   413 0000057C 488B0425[28000000]          mov     rax, [.plen]  
   414 00000584 8918                        mov     [rax], ebx 
   415 00000586 C9                      leave
   416 00000587 C3                      ret
